// Jest Snapshot v1, https://goo.gl/fbAQLP

exports[`Links Should render links with custom styles 1`] = `"%cLorem Ipsum  - www.google.com font-family:Times New Roman;font-size:16px;color:red;margin:12px 0px;text-decoration:underline;href:www.google.com;"`;

exports[`Links Should render links with default styles 1`] = `"%cLorem Ipsum  - www.google.com font-family:Times New Roman;font-size:16px;color:blue;margin:12px 0px;text-decoration:underline;href:www.google.com;"`;

exports[`Links Should render links without href 1`] = `"%cLorem Ipsum  - undefined font-family:Times New Roman;font-size:16px;color:blue;margin:12px 0px;text-decoration:underline;"`;
